TestApp ready for input
MSG_IVEF
    Header
        MsgRefId = 6289936C-DFAC-11E0-B7BA-B2E24824019B
        Version = 1.2
    Body
        LoginRequest
            Encryption = 1
            Name = John Doe
            Password = Very Secret
<MSG_IVEF>
<Header MsgRefId="6289936C-DFAC-11E0-B7BA-B2E24824019B" Version="1.2"/>
<Body>
<LoginRequest Encryption="1" Name="John Doe" Password="Very Secret"/>
</Body>
</MSG_IVEF>

TestApp shutting down
