TestApp ready for input
MSG_IVEF
    Header
        MsgRefId = 6289936C-DFAC-11E0-B7BA-B2E24824019B
        Version = String
    Body
        LoginRequest
            Encryption = 2
            Name = String
            Password = String
<MSG_IVEF>
<Header MsgRefId="6289936C-DFAC-11E0-B7BA-B2E24824019B" Version="String"/>
<Body>
<LoginRequest Encryption="2" Name="String" Password="String"/>
</Body>
</MSG_IVEF>

TestApp shutting down
