TestApp ready for input
MSG_IVEF
    Header
        MsgRefId = 1234567890123456789012345678901234567890
        Version = String
    Body
        Ping
            TimeStamp = 2001-12-17T15:30:47.000Z
<MSG_IVEF>
<Header MsgRefId="1234567890123456789012345678901234567890" Version="String"/>
<Body>
<Ping TimeStamp="2001-12-17T15:30:47.000Z"/>
</Body>
</MSG_IVEF>

TestApp shutting down
