TestApp ready for input
MSG_IVEF
    Header
        MsgRefId = 6289936C-DFAC-11E0-B7BA-B2E24824019B
        Version = String
    Body
        ServerStatus
            Details = we had a party
            Status = false
<MSG_IVEF>
<Header MsgRefId="6289936C-DFAC-11E0-B7BA-B2E24824019B" Version="String"/>
<Body>
<ServerStatus Details="we had a party" Status="false"/>
</Body>
</MSG_IVEF>

TestApp shutting down
