TestApp ready for input
MSG_IVEF
    Header
        MsgRefId = 6289936C-DFAC-11E0-B7BA-B2E24824019B
        Version = String
    Body
        ServiceRequest
            Area
                Pos
                    Lat = 3.14159
                    Long = 3.14159
                Pos
                    Lat = 3.14159
                    Long = 3.14159
                Pos
                    Lat = 3.14159
                    Long = 3.14159
            Area
                Pos
                    Lat = 3.14159
                    Long = 3.14159
                Pos
                    Lat = 3.14159
                    Long = 3.14159
                Pos
                    Lat = 3.14159
                    Long = 3.14159
            Area
                Pos
                    Lat = 3.14159
                    Long = 3.14159
                Pos
                    Lat = 3.14159
                    Long = 3.14159
                Pos
                    Lat = 3.14159
                    Long = 3.14159
            Transmission
                Type = 1
                Period = 3.141593
            Item
                DataSelector = 1
                FieldSelector = all
            Filter
                Predicate = Text
<MSG_IVEF xmlns:xsi="http://www.w3.org/2001/XMLSchema-instance" xmlns="http://www.iala-to-be-confirmed.org/XMLSchema/IVEF/0.2.5">
<Header MsgRefId="6289936C-DFAC-11E0-B7BA-B2E24824019B" Version="String"/>
<Body>
<ServiceRequest>
<Area>
<Pos Lat="3.14159" Long="3.14159"/>
<Pos Lat="3.14159" Long="3.14159"/>
<Pos Lat="3.14159" Long="3.14159"/>
</Area>
<Area>
<Pos Lat="3.14159" Long="3.14159"/>
<Pos Lat="3.14159" Long="3.14159"/>
<Pos Lat="3.14159" Long="3.14159"/>
</Area>
<Area>
<Pos Lat="3.14159" Long="3.14159"/>
<Pos Lat="3.14159" Long="3.14159"/>
<Pos Lat="3.14159" Long="3.14159"/>
</Area>
<Transmission Type="1" Period="3.141593"/>
<Item DataSelector="1" FieldSelector="all"/>
<Filter Predicate="Text"/>
</ServiceRequest>
</Body>
</MSG_IVEF>

TestApp shutting down
