TestApp ready for input
MSG_IVEF
    Header
        MsgRefId = 6289936C-DFAC-11E0-B7BA-B2E24824019B
        Version = 0.2.5
    Body
        ObjectDatas
            ObjectData
                TrackData
                    COG = 3.1
                    Id = 0
                    Length = 3.100000
                    SOG = 3.1
                    SourceId = sensor1
                    SourceName = vts1
                    UpdateTime = 2001-12-17T09:30:47.123Z
                    TrackStatus = 1
                    Width = 3.100000
                    Pos
                        Altitude = 3.141593
                        Lat = 3.14159
                        Long = 3.14159
                    NavStatus
                        Value = 8
                VesselData
                    Class = 0
                    BlackListed = true
                    Id = 593470843
                    SpecialAttention = XImFO6
                    SourceId = Kbd_1kCNEj.41
                    SourceName = bd
                    SourceType = 5
                    UpdateTime = 2011-12-29T17:14:46.000Z
                    Construction
                        HullColor = UFSu_U
                        HullType = 3
                        DeadWeight = 1304798080.000000
                        GrossWeight = 709210112.000000
                        Length = 323750784.000000
                        LloydsShipType = 1427749124
                        YearOfBuild = 2011
                        MaxAirDraught = 713254272.0
                        MaxDraught = 2120763904.0
                        MaxPersonsOnBoard = 508512354
                        MaxSpeed = 878581696.000000
                        Width = 72479464.000000
                    Identifier
                        Callsign = d4CCq4
                        IMO = -403178342
                        Name = Y
                        FormerName = dpgnOSUdEhEx7xhpt
                        Flag = zX
                        Owner = LBMtqOaliRZOP23MyISqVo33d
                        MMSI = 740102918
                        LRIT = PPY5oTVGtVHTCg
                VesselData
                    Class = 0
                    BlackListed = true
                    Id = 593470843
                    SpecialAttention = XImFO6
                    SourceId = Kbd_1kCNEj.41
                    SourceName = bd
                    SourceType = 5
                    UpdateTime = 2011-12-29T17:14:46.000Z
                    Construction
                        HullColor = UFSu_U
                        HullType = 3
                        DeadWeight = 1304798080.000000
                        GrossWeight = 709210112.000000
                        Length = 323750784.000000
                        LloydsShipType = 1427749124
                        YearOfBuild = 2011
                        MaxAirDraught = 713254272.0
                        MaxDraught = 2120763904.0
                        MaxPersonsOnBoard = 508512354
                        MaxSpeed = 878581696.000000
                        Width = 72479464.000000
                    Identifier
                        Callsign = d4CCq4
                        IMO = -403178342
                        Name = Y
                        FormerName = dpgnOSUdEhEx7xhpt
                        Flag = zX
                        Owner = LBMtqOaliRZOP23MyISqVo33d
                        MMSI = 740102918
                        LRIT = PPY5oTVGtVHTCg
                VesselData
                    Class = 0
                    BlackListed = true
                    Id = 593470843
                    SpecialAttention = XImFO6
                    SourceId = Kbd_1kCNEj.41
                    SourceName = bd
                    SourceType = 5
                    UpdateTime = 2011-12-29T17:14:46.000Z
                    Construction
                        HullColor = UFSu_U
                        HullType = 3
                        DeadWeight = 1304798080.000000
                        GrossWeight = 709210112.000000
                        Length = 323750784.000000
                        LloydsShipType = 1427749124
                        YearOfBuild = 2011
                        MaxAirDraught = 713254272.0
                        MaxDraught = 2120763904.0
                        MaxPersonsOnBoard = 508512354
                        MaxSpeed = 878581696.000000
                        Width = 72479464.000000
                    Identifier
                        Callsign = d4CCq4
                        IMO = -403178342
                        Name = Y
                        FormerName = dpgnOSUdEhEx7xhpt
                        Flag = zX
                        Owner = LBMtqOaliRZOP23MyISqVo33d
                        MMSI = 740102918
                        LRIT = PPY5oTVGtVHTCg
                VoyageData
                    AirDraught = 992572608.00
                    Id = -1641240363
                    CargoTypeIMO = 5
                    ContactIdentity = YAlTpgn9Fw
                    DestCode = adHeF8qKi
                    DestName = dgWX6nPgylq
                    DepartCode = lD.XTEPRm
                    DepartName = huMKX99qxFv6fuqZW
                    Draught = 2003303296.00
                    ETA = 2013-07-04T17:14:46.000Z
                    ATD = 2011-12-04T17:14:46.000Z
                    ISPSLevel = 1.000000
                    OverSizedLength = 1790629760.0
                    OverSizedWidth = 1637154432.0
                    PersonsOnBoard = 945279249
                    Pilots = 418784096.000000
                    RouteBound = false
                    SourceId = s5ZcWVv5.Gnz3g1
                    SourceName = EdZpkQXa8eq2USZi_DGJsi0KdGkV-299asyeG3WsFB
                    SourceType = 4
                    TankerStatus = 0
                    Tugs = true
                    UpdateTime = 2012-07-11T17:14:46.000Z
                VoyageData
                    AirDraught = 992572608.00
                    Id = -1641240363
                    CargoTypeIMO = 5
                    ContactIdentity = YAlTpgn9Fw
                    DestCode = adHeF8qKi
                    DestName = dgWX6nPgylq
                    DepartCode = lD.XTEPRm
                    DepartName = huMKX99qxFv6fuqZW
                    Draught = 2003303296.00
                    ETA = 2013-07-04T17:14:46.000Z
                    ATD = 2011-12-04T17:14:46.000Z
                    ISPSLevel = 1.000000
                    OverSizedLength = 1790629760.0
                    OverSizedWidth = 1637154432.0
                    PersonsOnBoard = 945279249
                    Pilots = 418784096.000000
                    RouteBound = false
                    SourceId = s5ZcWVv5.Gnz3g1
                    SourceName = EdZpkQXa8eq2USZi_DGJsi0KdGkV-299asyeG3WsFB
                    SourceType = 4
                    TankerStatus = 0
                    Tugs = true
                    UpdateTime = 2012-07-11T17:14:46.000Z
                VoyageData
                    AirDraught = 992572608.00
                    Id = -1641240363
                    CargoTypeIMO = 5
                    ContactIdentity = YAlTpgn9Fw
                    DestCode = adHeF8qKi
                    DestName = dgWX6nPgylq
                    DepartCode = lD.XTEPRm
                    DepartName = huMKX99qxFv6fuqZW
                    Draught = 2003303296.00
                    ETA = 2013-07-04T17:14:46.000Z
                    ATD = 2011-12-04T17:14:46.000Z
                    ISPSLevel = 1.000000
                    OverSizedLength = 1790629760.0
                    OverSizedWidth = 1637154432.0
                    PersonsOnBoard = 945279249
                    Pilots = 418784096.000000
                    RouteBound = false
                    SourceId = s5ZcWVv5.Gnz3g1
                    SourceName = EdZpkQXa8eq2USZi_DGJsi0KdGkV-299asyeG3WsFB
                    SourceType = 4
                    TankerStatus = 0
                    Tugs = true
                    UpdateTime = 2012-07-11T17:14:46.000Z
<MSG_IVEF>
<Header MsgRefId="6289936C-DFAC-11E0-B7BA-B2E24824019B" Version="0.2.5"/>
<Body>
<ObjectDatas>
<ObjectData>
<TrackData COG="3.1" Id="0" Length="3.100000" SOG="3.1" SourceId="sensor1" SourceName="vts1" UpdateTime="2001-12-17T09:30:47.123Z" TrackStatus="1" Width="3.100000">
<Pos Altitude="3.141593" Lat="3.14159" Long="3.14159"/>
<NavStatus Value="8"/>
</TrackData>
<VesselData Class="0" BlackListed="true" Id="593470843" SpecialAttention="XImFO6" SourceId="Kbd_1kCNEj.41" SourceName="bd" SourceType="5" UpdateTime="2011-12-29T17:14:46.000Z">
<Construction HullColor="UFSu_U" HullType="3" DeadWeight="1304798080.000000" GrossWeight="709210112.000000" Length="323750784.000000" LloydsShipType="1427749124" YearOfBuild="2011" MaxAirDraught="713254272.0" MaxDraught="2120763904.0" MaxPersonsOnBoard="508512354" MaxSpeed="878581696.000000" Width="72479464.000000">
</Construction>
<Identifier Callsign="d4CCq4" IMO="-403178342" Name="Y" FormerName="dpgnOSUdEhEx7xhpt" Flag="zX" Owner="LBMtqOaliRZOP23MyISqVo33d" MMSI="740102918" LRIT="PPY5oTVGtVHTCg">
</Identifier>
</VesselData>
<VesselData Class="0" BlackListed="true" Id="593470843" SpecialAttention="XImFO6" SourceId="Kbd_1kCNEj.41" SourceName="bd" SourceType="5" UpdateTime="2011-12-29T17:14:46.000Z">
<Construction HullColor="UFSu_U" HullType="3" DeadWeight="1304798080.000000" GrossWeight="709210112.000000" Length="323750784.000000" LloydsShipType="1427749124" YearOfBuild="2011" MaxAirDraught="713254272.0" MaxDraught="2120763904.0" MaxPersonsOnBoard="508512354" MaxSpeed="878581696.000000" Width="72479464.000000">
</Construction>
<Identifier Callsign="d4CCq4" IMO="-403178342" Name="Y" FormerName="dpgnOSUdEhEx7xhpt" Flag="zX" Owner="LBMtqOaliRZOP23MyISqVo33d" MMSI="740102918" LRIT="PPY5oTVGtVHTCg">
</Identifier>
</VesselData>
<VesselData Class="0" BlackListed="true" Id="593470843" SpecialAttention="XImFO6" SourceId="Kbd_1kCNEj.41" SourceName="bd" SourceType="5" UpdateTime="2011-12-29T17:14:46.000Z">
<Construction HullColor="UFSu_U" HullType="3" DeadWeight="1304798080.000000" GrossWeight="709210112.000000" Length="323750784.000000" LloydsShipType="1427749124" YearOfBuild="2011" MaxAirDraught="713254272.0" MaxDraught="2120763904.0" MaxPersonsOnBoard="508512354" MaxSpeed="878581696.000000" Width="72479464.000000">
</Construction>
<Identifier Callsign="d4CCq4" IMO="-403178342" Name="Y" FormerName="dpgnOSUdEhEx7xhpt" Flag="zX" Owner="LBMtqOaliRZOP23MyISqVo33d" MMSI="740102918" LRIT="PPY5oTVGtVHTCg">
</Identifier>
</VesselData>
<VoyageData AirDraught="992572608.00" Id="-1641240363" CargoTypeIMO="5" ContactIdentity="YAlTpgn9Fw" DestCode="adHeF8qKi" DestName="dgWX6nPgylq" DepartCode="lD.XTEPRm" DepartName="huMKX99qxFv6fuqZW" Draught="2003303296.00" ETA="2013-07-04T17:14:46.000Z" ATD="2011-12-04T17:14:46.000Z" ISPSLevel="1.000000" OverSizedLength="1790629760.0" OverSizedWidth="1637154432.0" PersonsOnBoard="945279249" Pilots="418784096.000000" RouteBound="false" SourceId="s5ZcWVv5.Gnz3g1" SourceName="EdZpkQXa8eq2USZi_DGJsi0KdGkV-299asyeG3WsFB" SourceType="4" TankerStatus="0" Tugs="true" UpdateTime="2012-07-11T17:14:46.000Z">
</VoyageData>
<VoyageData AirDraught="992572608.00" Id="-1641240363" CargoTypeIMO="5" ContactIdentity="YAlTpgn9Fw" DestCode="adHeF8qKi" DestName="dgWX6nPgylq" DepartCode="lD.XTEPRm" DepartName="huMKX99qxFv6fuqZW" Draught="2003303296.00" ETA="2013-07-04T17:14:46.000Z" ATD="2011-12-04T17:14:46.000Z" ISPSLevel="1.000000" OverSizedLength="1790629760.0" OverSizedWidth="1637154432.0" PersonsOnBoard="945279249" Pilots="418784096.000000" RouteBound="false" SourceId="s5ZcWVv5.Gnz3g1" SourceName="EdZpkQXa8eq2USZi_DGJsi0KdGkV-299asyeG3WsFB" SourceType="4" TankerStatus="0" Tugs="true" UpdateTime="2012-07-11T17:14:46.000Z">
</VoyageData>
<VoyageData AirDraught="992572608.00" Id="-1641240363" CargoTypeIMO="5" ContactIdentity="YAlTpgn9Fw" DestCode="adHeF8qKi" DestName="dgWX6nPgylq" DepartCode="lD.XTEPRm" DepartName="huMKX99qxFv6fuqZW" Draught="2003303296.00" ETA="2013-07-04T17:14:46.000Z" ATD="2011-12-04T17:14:46.000Z" ISPSLevel="1.000000" OverSizedLength="1790629760.0" OverSizedWidth="1637154432.0" PersonsOnBoard="945279249" Pilots="418784096.000000" RouteBound="false" SourceId="s5ZcWVv5.Gnz3g1" SourceName="EdZpkQXa8eq2USZi_DGJsi0KdGkV-299asyeG3WsFB" SourceType="4" TankerStatus="0" Tugs="true" UpdateTime="2012-07-11T17:14:46.000Z">
</VoyageData>
</ObjectData>
</ObjectDatas>
</Body>
</MSG_IVEF>

TestApp shutting down
