TestApp ready for input
MSG_IVEF
    Header
        MsgRefId = 6289936C-DFAC-11E0-B7BA-B2E24824019B
        Version = 0.2.5
    Body
        Logout
<MSG_IVEF>
<Header MsgRefId="6289936C-DFAC-11E0-B7BA-B2E24824019B" Version="0.2.5"/>
<Body>
<Logout/>
</Body>
</MSG_IVEF>

MSG_IVEF
    Header
        MsgRefId = 6289936C-DFAC-11E0-B7BA-B2E24824019B
        Version = 0.2.5
    Body
        Logout
<MSG_IVEF>
<Header MsgRefId="6289936C-DFAC-11E0-B7BA-B2E24824019B" Version="0.2.5"/>
<Body>
<Logout/>
</Body>
</MSG_IVEF>

MSG_IVEF
    Header
        MsgRefId = 6289936C-DFAC-11E0-B7BA-B2E24824019B
        Version = 0.2.5
    Body
        Logout
<MSG_IVEF>
<Header MsgRefId="6289936C-DFAC-11E0-B7BA-B2E24824019B" Version="0.2.5"/>
<Body>
<Logout/>
</Body>
</MSG_IVEF>

MSG_IVEF
    Header
        MsgRefId = 6289936C-DFAC-11E0-B7BA-B2E24824019B
        Version = 0.2.5
    Body
        Logout
<MSG_IVEF>
<Header MsgRefId="6289936C-DFAC-11E0-B7BA-B2E24824019B" Version="0.2.5"/>
<Body>
<Logout/>
</Body>
</MSG_IVEF>

MSG_IVEF
    Header
        MsgRefId = 6289936C-DFAC-11E0-B7BA-B2E24824019B
        Version = 0.2.5
    Body
        Logout
<MSG_IVEF>
<Header MsgRefId="6289936C-DFAC-11E0-B7BA-B2E24824019B" Version="0.2.5"/>
<Body>
<Logout/>
</Body>
</MSG_IVEF>

MSG_IVEF
    Header
        MsgRefId = 6289936C-DFAC-11E0-B7BA-B2E24824019B
        Version = 0.2.5
    Body
        Logout
<MSG_IVEF>
<Header MsgRefId="6289936C-DFAC-11E0-B7BA-B2E24824019B" Version="0.2.5"/>
<Body>
<Logout/>
</Body>
</MSG_IVEF>

MSG_IVEF
    Header
        MsgRefId = 6289936C-DFAC-11E0-B7BA-B2E24824019B
        Version = 0.2.5
    Body
        Logout
<MSG_IVEF>
<Header MsgRefId="6289936C-DFAC-11E0-B7BA-B2E24824019B" Version="0.2.5"/>
<Body>
<Logout/>
</Body>
</MSG_IVEF>

MSG_IVEF
    Header
        MsgRefId = 6289936C-DFAC-11E0-B7BA-B2E24824019B
        Version = 0.2.5
    Body
        Logout
<MSG_IVEF>
<Header MsgRefId="6289936C-DFAC-11E0-B7BA-B2E24824019B" Version="0.2.5"/>
<Body>
<Logout/>
</Body>
</MSG_IVEF>

MSG_IVEF
    Header
        MsgRefId = 6289936C-DFAC-11E0-B7BA-B2E24824019B
        Version = 0.2.5
    Body
        Logout
<MSG_IVEF>
<Header MsgRefId="6289936C-DFAC-11E0-B7BA-B2E24824019B" Version="0.2.5"/>
<Body>
<Logout/>
</Body>
</MSG_IVEF>

TestApp shutting down
