TestApp ready for input
MSG_Ping
    Header
     Version = String
     MsgRefId = String
    Body
        Ping
         TimeStamp = 
(null)
TestApp shutting down
