TestApp ready for input
MSG_IVEF
    Header
        MsgRefId = 6289936C-DFAC-11E0-B7BA-B2E24824019B
        Version = String
    Body
        Ping
            TimeStamp = 2001-12-17T15:30:47.000Z
<MSG_IVEF>
<Header MsgRefId="6289936C-DFAC-11E0-B7BA-B2E24824019B" Version="String"/>
<Body>
<Ping TimeStamp="2001-12-17T15:30:47.000Z"/>
</Body>
</MSG_IVEF>

MSG_IVEF
    Header
        MsgRefId = 6289936C-DFAC-11E0-B7BA-B2E24824019B
        Version = String
    Body
        Ping
            TimeStamp = 2001-12-17T03:30:47.000Z
<MSG_IVEF>
<Header MsgRefId="6289936C-DFAC-11E0-B7BA-B2E24824019B" Version="String"/>
<Body>
<Ping TimeStamp="2001-12-17T03:30:47.000Z"/>
</Body>
</MSG_IVEF>

TestApp shutting down
