TestApp ready for input
MSG_Ping
    Header
        Version = String
        MsgRefId = String
    Body
        Ping
            TimeStamp = 2001-12-17T15:30:47.000Z
<MSG_Ping>
<Header Version="String" MsgRefId="String"/>
<Body>
<Ping TimeStamp="2001-12-17T15:30:47.000Z"/>
</Body>
</MSG_Ping>

MSG_Ping
    Header
        Version = String
        MsgRefId = String
    Body
        Ping
            TimeStamp = 2001-12-17T03:30:47.000Z
<MSG_Ping>
<Header Version="String" MsgRefId="String"/>
<Body>
<Ping TimeStamp="2001-12-17T03:30:47.000Z"/>
</Body>
</MSG_Ping>

TestApp shutting down
